// Jest Snapshot v1, https://goo.gl/fbAQLP

exports[`should show custom user lists 1`] = `
Array [
  "
          handbook
        ",
  "
          favorite
        ",
]
`;
