// Jest Snapshot v1, https://goo.gl/fbAQLP

exports[`should show banner when data is available 1`] = `
<div class="banner gradient-bacon-onion"><span class="lil2 title">Title</span> <span class="micro1">Sub</span> <a href="https://daily.dev" target="_blank" class="btn cta">Click here</a> <button class="btn-icon btn-small"><svg version="1.1" viewBox="0 0 24 24" class="svg-icon svg-fill">
      <path pid="0" d="M12 9.44l3.91-3.91a1.81 1.81 0 012.56 2.56L14.56 12l3.91 3.91a1.81 1.81 0 01-2.56 2.56L12 14.56l-3.91 3.91a1.81 1.81 0 11-2.56-2.56L9.44 12 5.53 8.09a1.81 1.81 0 112.56-2.56L12 9.44z" _fill="#FFF" fill-rule="evenodd"></path>
    </svg></button></div>
`;
