// Jest Snapshot v1, https://goo.gl/fbAQLP

exports[`should reset state 1`] = `
Object {
  "lastRead": null,
  "profile": null,
  "readingRank": Object {
    "nextRank": 0,
    "progress": 0,
    "rank": 0,
    "shownProgress": 0,
  },
}
`;
